?   	github.com/cmd4coder/cmd4coder/cmd/cli	[no test files]
?   	github.com/cmd4coder/cmd4coder/cmd/validator	[no test files]
?   	github.com/cmd4coder/cmd4coder/internal/data	[no test files]
=== RUN   TestCommand_Validate
=== RUN   TestCommand_Validate/valid_command
=== RUN   TestCommand_Validate/missing_name
=== RUN   TestCommand_Validate/missing_category
=== RUN   TestCommand_Validate/missing_description
=== RUN   TestCommand_Validate/invalid_risk_level
=== RUN   TestCommand_Validate/valid_risk_levels
--- PASS: TestCommand_Validate (0.01s)
    --- PASS: TestCommand_Validate/valid_command (0.00s)
    --- PASS: TestCommand_Validate/missing_name (0.00s)
    --- PASS: TestCommand_Validate/missing_category (0.00s)
    --- PASS: TestCommand_Validate/missing_description (0.00s)
    --- PASS: TestCommand_Validate/invalid_risk_level (0.00s)
    --- PASS: TestCommand_Validate/valid_risk_levels (0.00s)
=== RUN   TestRiskLevel_IsValid
=== RUN   TestRiskLevel_IsValid/low
=== RUN   TestRiskLevel_IsValid/medium
=== RUN   TestRiskLevel_IsValid/high
=== RUN   TestRiskLevel_IsValid/critical
=== RUN   TestRiskLevel_IsValid/invalid
=== RUN   TestRiskLevel_IsValid/empty
--- PASS: TestRiskLevel_IsValid (0.00s)
    --- PASS: TestRiskLevel_IsValid/low (0.00s)
    --- PASS: TestRiskLevel_IsValid/medium (0.00s)
    --- PASS: TestRiskLevel_IsValid/high (0.00s)
    --- PASS: TestRiskLevel_IsValid/critical (0.00s)
    --- PASS: TestRiskLevel_IsValid/invalid (0.00s)
    --- PASS: TestRiskLevel_IsValid/empty (0.00s)
=== RUN   TestCommand_GetRiskLevel
=== RUN   TestCommand_GetRiskLevel/no_risks
=== RUN   TestCommand_GetRiskLevel/low_risk
=== RUN   TestCommand_GetRiskLevel/critical_risk
=== RUN   TestCommand_GetRiskLevel/high_risk
--- PASS: TestCommand_GetRiskLevel (0.00s)
    --- PASS: TestCommand_GetRiskLevel/no_risks (0.00s)
    --- PASS: TestCommand_GetRiskLevel/low_risk (0.00s)
    --- PASS: TestCommand_GetRiskLevel/critical_risk (0.00s)
    --- PASS: TestCommand_GetRiskLevel/high_risk (0.00s)
=== RUN   TestCommand_SupportsPlatform
=== RUN   TestCommand_SupportsPlatform/linux
=== RUN   TestCommand_SupportsPlatform/darwin
=== RUN   TestCommand_SupportsPlatform/windows
=== RUN   TestCommand_SupportsPlatform/#00
--- PASS: TestCommand_SupportsPlatform (0.00s)
    --- PASS: TestCommand_SupportsPlatform/linux (0.00s)
    --- PASS: TestCommand_SupportsPlatform/darwin (0.00s)
    --- PASS: TestCommand_SupportsPlatform/windows (0.00s)
    --- PASS: TestCommand_SupportsPlatform/#00 (0.00s)
=== RUN   TestDefaultConfig
--- PASS: TestDefaultConfig (0.00s)
=== RUN   TestConfigValidation
=== RUN   TestConfigValidation/valid_config
=== RUN   TestConfigValidation/invalid_page_size
=== RUN   TestConfigValidation/invalid_language
=== RUN   TestConfigValidation/invalid_export_format
--- PASS: TestConfigValidation (0.00s)
    --- PASS: TestConfigValidation/valid_config (0.00s)
    --- PASS: TestConfigValidation/invalid_page_size (0.00s)
    --- PASS: TestConfigValidation/invalid_language (0.00s)
    --- PASS: TestConfigValidation/invalid_export_format (0.00s)
=== RUN   TestConfigSaveAndLoad
--- PASS: TestConfigSaveAndLoad (0.03s)
=== RUN   TestConfigLoadNonExistent
--- PASS: TestConfigLoadNonExistent (0.00s)
=== RUN   TestNewUserData
--- PASS: TestNewUserData (0.00s)
=== RUN   TestUserDataAddFavorite
--- PASS: TestUserDataAddFavorite (0.00s)
=== RUN   TestUserDataRemoveFavorite
--- PASS: TestUserDataRemoveFavorite (0.00s)
=== RUN   TestUserDataAddHistory
--- PASS: TestUserDataAddHistory (0.00s)
=== RUN   TestUserDataGetRecentHistory
--- PASS: TestUserDataGetRecentHistory (0.00s)
=== RUN   TestUserDataHistoryLimit
--- PASS: TestUserDataHistoryLimit (0.00s)
=== RUN   TestUserDataClearHistory
--- PASS: TestUserDataClearHistory (0.00s)
=== RUN   TestUserDataSaveAndLoad
--- PASS: TestUserDataSaveAndLoad (0.15s)
=== RUN   TestUserDataLoadNonExistent
--- PASS: TestUserDataLoadNonExistent (0.00s)
=== RUN   TestFavoriteStructure
--- PASS: TestFavoriteStructure (0.00s)
=== RUN   TestHistoryEntryStructure
--- PASS: TestHistoryEntryStructure (0.00s)
PASS
ok  	github.com/cmd4coder/cmd4coder/internal/model	(cached)
?   	github.com/cmd4coder/cmd4coder/internal/service	[no test files]
?   	github.com/cmd4coder/cmd4coder/internal/ui/tui	[no test files]
=== RUN   TestExportToMarkdown
--- PASS: TestExportToMarkdown (0.04s)
=== RUN   TestExportToJSON
--- PASS: TestExportToJSON (0.04s)
=== RUN   TestExportToJSONCompact
--- PASS: TestExportToJSONCompact (0.03s)
PASS
ok  	github.com/cmd4coder/cmd4coder/pkg/export	(cached)
=== RUN   TestCommandServiceIntegration
=== RUN   TestCommandServiceIntegration/GetAllCommands
    integration_test.go:35: 鎬诲懡浠ゆ暟: 382
=== RUN   TestCommandServiceIntegration/GetAllCategories
    integration_test.go:45: 鎬诲垎绫绘暟: 33
=== RUN   TestCommandServiceIntegration/SearchCommands
    integration_test.go:55: 鎼滅储'ls'鎵惧埌 2 涓懡浠?=== RUN   TestCommandServiceIntegration/ListCommandsByCategory
    integration_test.go:68: 鍒嗙被 'Kubernetes Container Runtime' 鏈?9 涓懡浠?=== RUN   TestCommandServiceIntegration/GetCommand
=== RUN   TestCommandServiceIntegration/SearchCache
=== RUN   TestCommandServiceIntegration/GetHighRiskCommands
    integration_test.go:115: 楂橀闄╁懡浠ゆ暟: 83
=== RUN   TestCommandServiceIntegration/SearchMonitoringTools
    integration_test.go:133: 鎼滅储'prometheus'鎵惧埌 7 涓懡浠?    integration_test.go:140: 鎼滅储'terraform'鎵惧埌 16 涓懡浠?    integration_test.go:147: 鎼滅储'otel'鎵惧埌 5 涓懡浠?    integration_test.go:154: 鎼滅储'ansible'鎵惧埌 11 涓懡浠?=== RUN   TestCommandServiceIntegration/VerifyCriticalCommandRisks
=== RUN   TestCommandServiceIntegration/VerifyCommandExamples
=== RUN   TestCommandServiceIntegration/VerifyCategoryCommandCount
    integration_test.go:207: Kubernetes Monitoring & Logging鍒嗙被鏈?28 涓懡浠?    integration_test.go:214: Kubernetes Config Management鍒嗙被鏈?27 涓懡浠?=== RUN   TestCommandServiceIntegration/VerifyTotalCommandCount
    integration_test.go:223: 鎬诲懡浠ゆ暟: 382
=== RUN   TestCommandServiceIntegration/TestAICommands
    integration_test.go:241: 鎼滅储 'torchrun' 鎵惧埌 1 涓懡浠?    integration_test.go:241: 鎼滅储 'kfp' 鎵惧埌 5 涓懡浠?    integration_test.go:241: 鎼滅储 'mlflow' 鎵惧埌 1 涓懡浠?    integration_test.go:241: 鎼滅储 'bentoml' 鎵惧埌 1 涓懡浠?--- PASS: TestCommandServiceIntegration (0.03s)
    --- PASS: TestCommandServiceIntegration/GetAllCommands (0.00s)
    --- PASS: TestCommandServiceIntegration/GetAllCategories (0.00s)
    --- PASS: TestCommandServiceIntegration/SearchCommands (0.00s)
    --- PASS: TestCommandServiceIntegration/ListCommandsByCategory (0.00s)
    --- PASS: TestCommandServiceIntegration/GetCommand (0.00s)
    --- PASS: TestCommandServiceIntegration/SearchCache (0.00s)
    --- PASS: TestCommandServiceIntegration/GetHighRiskCommands (0.00s)
    --- PASS: TestCommandServiceIntegration/SearchMonitoringTools (0.00s)
    --- PASS: TestCommandServiceIntegration/VerifyCriticalCommandRisks (0.00s)
    --- PASS: TestCommandServiceIntegration/VerifyCommandExamples (0.00s)
    --- PASS: TestCommandServiceIntegration/VerifyCategoryCommandCount (0.00s)
    --- PASS: TestCommandServiceIntegration/VerifyTotalCommandCount (0.00s)
    --- PASS: TestCommandServiceIntegration/TestAICommands (0.00s)
=== RUN   TestConfigServiceIntegration
=== RUN   TestConfigServiceIntegration/GetConfig
=== RUN   TestConfigServiceIntegration/UserData
=== RUN   TestConfigServiceIntegration/History
--- PASS: TestConfigServiceIntegration (0.05s)
    --- PASS: TestConfigServiceIntegration/GetConfig (0.00s)
    --- PASS: TestConfigServiceIntegration/UserData (0.00s)
    --- PASS: TestConfigServiceIntegration/History (0.00s)
=== RUN   TestDataLoadingPerformance
=== RUN   TestDataLoadingPerformance/StartupTime
    integration_test.go:379: 鍚姩瀹屾垚
--- PASS: TestDataLoadingPerformance (0.02s)
    --- PASS: TestDataLoadingPerformance/StartupTime (0.02s)
=== RUN   TestSearchPerformance
=== RUN   TestSearchPerformance/ls
    integration_test.go:406: 鎼滅储 'ls' 鎵惧埌 2 涓粨鏋?=== RUN   TestSearchPerformance/docker
    integration_test.go:406: 鎼滅储 'docker' 鎵惧埌 10 涓粨鏋?=== RUN   TestSearchPerformance/git
    integration_test.go:406: 鎼滅储 'git' 鎵惧埌 15 涓粨鏋?=== RUN   TestSearchPerformance/java
    integration_test.go:406: 鎼滅储 'java' 鎵惧埌 15 涓粨鏋?=== RUN   TestSearchPerformance/maven
    integration_test.go:406: 鎼滅储 'maven' 鎵惧埌 2 涓粨鏋?--- PASS: TestSearchPerformance (0.02s)
    --- PASS: TestSearchPerformance/ls (0.00s)
    --- PASS: TestSearchPerformance/docker (0.00s)
    --- PASS: TestSearchPerformance/git (0.00s)
    --- PASS: TestSearchPerformance/java (0.00s)
    --- PASS: TestSearchPerformance/maven (0.00s)
PASS
ok  	github.com/cmd4coder/cmd4coder/test	0.700s
